# 磁盘分区和文件系统
&ensp;&ensp;&ensp;&ensp;磁盘进行分区管理可以提高I/O性能，可以在不同分区上按拟存储的数据的特点选择文件系统类型，隔离操作系统与其它应用程序等，所以一般我们都选择对磁盘分区管理。目前主要有两种分区方式：MBR和GPT；MBR(Master Boot Record, 主引导记录)是传统的分区方式，系统启动时基于BIOS引导加载；GPT(GUID Partition Table, 全局唯一标识磁盘分区表)是基于UEFI标准引导加载的分区方式。

&ensp;&ensp;&ensp;&ensp; 在linux中，磁盘也被抽象为文件存储在/dev目录下，CentOS6之前的版本，因磁盘接口类型不同，磁盘文件名有/dev/sd或/dev/hd两种; CentOS6之后的版本，所有接口类型的磁盘统一命名为/dev/sd，不同磁盘设备使用符号a,b,...z标识，如/dev/sda, /dev/sdb表示两块不同的硬盘；同一设备的不同分区用数字标识1,2,...，如/dev/sda1，/dev/sda2表示同一设备/dev/sda的两个分区；设备文件关联至一个设备驱动程序，以实现与对应的硬件设备通信；

&ensp;&ensp;&ensp;&ensp;文件系统是磁盘空间存放数据的组织格式；磁盘的空间需经格式化文件系统后，用户才能以文件的形式访问和存储数据；linux系统支持多种文件系统，ext系列、xfs等，/proc/filesystems 中记录了当前系统支持的所有文件系统；linux将各个独立的文件系统组合成了一个层级的树状结构，最顶层的就是根目录/，不同的文件系统通过“挂载”到根下的一个空目录上，从而实现关联至根目录下，由此才可以被访问。

下面将对磁盘分区、文件系统、文件系统挂载三部分做详细介绍。
## 磁盘分区
### MBR分区
MBR(Master Boot Record, 主引导记录)分区基于机械式硬盘结构进行分区；一个机械式硬盘由盘片、转轴、磁头、马达组成，多个盘片固定在转轴上靠马达带动旋转，磁头悬浮在盘片上方读取或写入数据；盘片划分了不同的同心圆磁道，各盘片半径相同的同心圆磁道组成了柱面，每个盘片的各磁道又切割为多个扇区，传统的扇区大小为512bytes，MBR将0磁道0号扇区用于存放MBR分区信息，也即主引导记录，其中前446个字节存放引导加载程序，中间64个字节存放分区表信息，后两个字节为分区结束标志55AA；在64字节的MBR分区表中，每16字节标识一个分区，记录了此分区的引导标志（占用1个字节，活动分区80或非活动分区00），开始磁头号、柱面号、扇区号（占用3个字节），结束磁头号、柱面号、扇区号（占用3个字节），分区类型（占用1个字节），分区起始和结束LBA地址（占用8个字节）；所以基于MBR的分区方式一个硬盘的主分区和扩展分区数最多4个，而扩展分区最多一个，主分区不能继续分区，扩展分区可以继续划分为多个逻辑分区使用，扩展分区类似于逻辑分区的容器，它自身并不存储数据；MBR主分区号为1-4的数字，逻辑分区从5开始编号；对于那些扇区为512字节的磁盘，MBR分区表不支持容量大于2 TB（2 × 10^12字节）的分区；现在一些容量较大的磁盘升级到了4KB的扇区，这意味着MBR的有效容量上限提升到了16 TB。

### GPT分区
　GPT意为GUID分区表，驱动器上的每个分区都有一个全局唯一的标识符（globally unique identifier，GUID）。支持的最大磁盘容量可达18EB，它没有主分区和逻辑分区之分，每个硬盘最多可以有128个分区。GPT分区的命名和MBR类似，只不过没有主分区、扩展分区和逻辑分区之分，分区号直接从1开始累加一直到128。为了考虑兼容性。GPT分区方式的硬盘仍然保留MBR信息；GPT分区需UEFI(Unified Extensible Firmware Interface)引导加载使用。

### 磁盘分区管理工具
MBR分区的管理工具为fdisk；GPT分区的管理工具为gdisk；使用方法基本相同，下面主要介绍fdisk使用；

```bash
查看指定设备的分区信息；不指定设备，则列出所有设备的分区信息
# fdisk -l [DEVICE]

执行分区操作
# fdisk DEVICE
    p:显示已有分区
    n: 创建新分区
    d:删除已有分区
    w:写入磁盘并退出
    q:放弃更新并退出
    m:help
    l: 列出不同类型分区的id
    t:调整分区Id

fdisk新增或删除分区后磁盘内容改变，但内存中的缓存还保留着以前的分区表，所以需通知内核重新读取新的分区表：
 # partx -a DEVICE
 # partx -n M:N DEVICE 指明要识别的分区编号

查看内存中的分区表
# cat /proc/partitions
```
## 文件系统

文件系统是操作系统组织磁盘空间存储文件的方法；Linux支持多种文件系统，各种文件系统在内核中有对应的模块，在用户空间的管理工具，例如ext系列文件系统的内核模块为ext，用户空间的管理工具为mkfs.ext；Linux之所以支持多种文件系统是因为内核中的虚拟文件系统VFS(Virtual File System)，linux的VFS隐藏了不同文件系统的具体实现细节，为用户空间提供了统一的文件系统操作接口。

swap文件系统也称为交换分区，swap分区可以在内存容量不够的情况下当内存使用，内存中不经常访问的数据可以转存至swap，使用时再从swap读取；下面介绍创建和管理文件系统的工具。

### 创建文件系统
```bash
# mkfs.FS_TYPE [options] /dev/DEVICE;或
# mkfs -t FS_TYPE /dev/DEVICE

FS_TYPE:要创建的文件系统类型；xfs, ext2, ext3,ext4
options:
 -b block_size :指定块大小，默认为4KB，最小为512bytes,最大为64KB；
 -L label ：指定卷标

ext系列文件系统专用管理工具：mke2fs

# mke2fs [options] /dev/DEVICE
options:
  -t {ext2|ext3|ext4}
  -b {1024|2048|4096} ；设定block大小
  -L LABEL
  -j :相当于 -t ext3 
  -i #:为数据空间每多少bytes创建一个inode
  -N：为数据空间创建多少个inode
  -m #:为管理人员预留的空间占据的百分比；默认5%
  -O FEATURE[...]：启用指定特性
  -O ^FEATURE:关闭指定特性

下例为分区/dev/sda8创建ext2文件系统，指定卷标为mydata, block大小为2048bytes，为管理人员预留空间为3%，启用日志；因ext2不支持日志，指定开启日志特性直接升级ext3文件系统；

[root@centos7 ~]#mkfs.ext2 -L mydata -b 2048 -m 3 -O has_journal /dev/sda8
mke2fs 1.42.9 (28-Dec-2013)
Filesystem label=mydata
OS type: Linux
Block size=2048 (log=1)
Fragment size=2048 (log=1)
Stride=0 blocks, Stripe width=0 blocks
65536 inodes, 524288 blocks
15728 blocks (3.00%) reserved for the super user
First data block=0
Maximum filesystem blocks=536870912
32 block groups
16384 blocks per group, 16384 fragments per group
2048 inodes per group
Superblock backups stored on blocks: 
	16384, 49152, 81920, 114688, 147456, 409600, 442368

Allocating group tables: done                            
Writing inode tables: done                            
Creating journal (16384 blocks): done
Writing superblocks and filesystem accounting information: done 

使用blkid命令查看块设备属性

[root@centos7 ~]#blkid /dev/sda8
/dev/sda8: LABEL="mydata" UUID="073f257a-cb6d-4623-a3f9-38c9e9740b99" SEC_TYPE="ext2" TYPE="ext3" 
 #blkid -L LABLE：根据给出卷标查找块设备
 #blkid -U UUID:根据UUID查找块设备

创建交换分区：mkswap;交换分区的大小根据主机内存大小设定，一般8-16G即可；

swap分区id为82，分区格式化为swap之前需修改id
# mkswap [-L LABLE] /dev/DEVICE

先创建一个新分区/dev/sda9,大小为2G
[root@centos7 ~]#fdisk /dev/sda
Command (m for help): n
All primary partitions are in use
Adding logical partition 9
First sector (234893312-419430399, default 234893312): 
Using default value 234893312
Last sector, +sectors or +size{K,M,G} (234893312-419430399, default 419430399): +2G
Partition 9 of type Linux and of size 2 GiB is set
Command (m for help): p

Disk /dev/sda: 214.7 GB, 214748364800 bytes, 419430400 sectors
Units = sectors of 1 * 512 = 512 bytes
Sector size (logical/physical): 512 bytes / 512 bytes
I/O size (minimum/optimal): 512 bytes / 512 bytes
Disk label type: dos
Disk identifier: 0x000b5773

   Device Boot      Start         End      Blocks   Id  System
/dev/sda9       234893312   239087615     2097152   83  Linux

Command (m for help): t
Partition number (1-9, default 9): 9
Hex code (type L to list all codes): 82
Changed type of partition 'Linux' to 'Linux swap / Solaris'

Command (m for help): p

Disk /dev/sda: 214.7 GB, 214748364800 bytes, 419430400 sectors
Units = sectors of 1 * 512 = 512 bytes
Sector size (logical/physical): 512 bytes / 512 bytes
I/O size (minimum/optimal): 512 bytes / 512 bytes
Disk label type: dos
Disk identifier: 0x000b5773

   Device Boot      Start         End      Blocks   Id  System
/dev/sda9       234893312   239087615     2097152   82  Linux swap / Solaris

Command (m for help): w
The partition table has been altered!

通知内核重新读取硬盘分区表
[root@centos7 ~]#partx -a /dev/sda
partx: /dev/sda: error adding partitions 1-9

将/dev/sda9格式化为swap
[root@centos7 ~]#mkswap -L new_swap /dev/sda9
Setting up swapspace version 1, size = 2097148 KiB
LABEL=new_swap, UUID=b5733cc2-e31a-46e8-8243-1b6b036774b2
[root@centos7 ~]#blkid /dev/sda9
/dev/sda9: LABEL="new_swap" UUID="b5733cc2-e31a-46e8-8243-1b6b036774b2" TYPE="swap" 
```

tune2fs命令用于重新设定ext系列文件系统属性；使用格式如下：
```bash
# tune2fs [options] /dev/DEVICE
-l:查看指定文件系统的超级块信息；
       超级块：存储磁盘分区结构信息，有多少个块组，每个块组有多少block，每个block组编号区间；有备份
-L LABEL：修改卷标
-m #:修改为管理人员预留的空间占据的百分比；默认5%
-j:将ext2升级为ext3
-O:文件系统属性启用或禁用^
-o:调整文件系统的默认挂载选项
-U UUID：修改UUID
```
dumpe2fs命令用于查看ext系列文件系统超级块(superblock)和块组(block group)信息；
### 文件系统检测
```bash
 fsck:File System check
  \# fsck.FS_TYPE DEVICE
  \# fsck -t FS_TYPE DEVICE 
       -a:自动修复错误
       -r:交互式修复错误
  Note: FS_TYPE一定要与分区上已经存在的文件类型相同；不要在挂载状态下修复

  e2fsck: ext系列文件系统专用检测修复工具
  \# e2fsck [options] DEVICE 
   -y:自动回复yes
   -f:强制修复
```
## 文件系统挂载
 将新增的文件系统与根文件系统某一现存的目录关联起来，这一目录即为新增文件系统的访问入口，这一过程即为挂载；挂载命令mount；如果不再使用此文件系统，使用umount卸载即可；文件系统挂载的配置文件为/etc/fstab，该文件中可以定义文件系统的挂载选项，默认为自动挂载，所以写入/etc/fstab中的挂载选项为defaults的文件系统开机时可以实现自动挂载；
### 挂载
\# mount [-fnrsvw] [-t vfstype] [-o options] device dir
 + device: 要挂载的设备
    1. 设备文件
    2. 卷标；-L 'LABEL'
    3. UUID; -U 'UUID'
    4. 伪文件系统名称: proc, sys, devtmps, configfs
 + dir:挂载点
   事先存在，建议新建空目录
 - [-o options] ：挂载选项
   1. async/sync:异步/同步模式    
   2. atime/noatime:更新/不更新文件系统上文件的访问时间戳
   3. diratime/nodiratime:更新/不更新文件系统上目录文件的访问时间戳
   4. auto/noauto:是否支持自动挂载
   5. exec/noexec:是否支持将文件系统上的应用程序运行为进程
   6. dev/nodev:是否支持在此文件使用设备文件
   7. suid/nosuid:该文件系统是否支持suid
   8. ro:read-only
   9. rw: read and write
   10. user/nouser:是否允许普通用户挂载此设备
   11. acl:启动此文件系统上的acl功能
上述选项可多个同时使用，使用","分隔; 默认挂载选项：defaults:rw, suid, exec, auto, nouser, and async 
+ [-t vfstype]:指定要挂载设备的文件系统类型
```bash
挂载块设备/dev/sda8至/mnt/mydata，挂载选项为noatime, noauto,ro

[root@centos7 ~]#mount -o noatime,noauto,ro /dev/sda8 /mnt/mydata

查看系统目前挂载的设备

[root@centos7 ~]#cat /proc/mounts
/dev/sda3 /data xfs rw,relatime,attr2,inode64,noquota 0 0
/dev/sda7 /mogdata ext3 rw,relatime,data=ordered 0 0
/dev/sda6 /testing ext4 rw,relatime,data=ordered 0 0
/dev/sda1 /boot xfs rw,relatime,attr2,inode64,noquota 0 0
/etc/auto.misc /misc autofs rw,relatime,fd=6,pgrp=846,timeout=300,minproto=5,maxproto=5,indirect,pipe_ino=20053 0 0
-hosts /net autofs rw,relatime,fd=12,pgrp=846,timeout=300,minproto=5,maxproto=5,indirect,pipe_ino=18399 0 0
tmpfs /run/user/0 tmpfs rw,nosuid,nodev,relatime,size=186532k,mode=700 0 0
/dev/sda8 /mnt/mydata ext3 ro,noatime,data=ordered 0 0
```

挂载交换分区：
   启用：
  \# swapon [options]...[device]

     1. -a:激活所有交换分区
     2. -p PRIORITY:指定交换分区的使用优先级

   禁用：
   \# swapoff [options]...[device]
```bash
查看系统启用的交换分区

[root@centos7 ~]#cat /proc/swaps
Filename				Type		Size	Used	Priority
/dev/sda5                               partition	4194300	0	-1

挂载交换分区，并指定使用优先级10，/dev/sda9优先于/dev/sda5使用

[root@centos7 ~]#swapon -p 10 /dev/sda9
[root@centos7 ~]#cat /proc/swaps
Filename				Type		Size	Used	Priority
/dev/sda5                               partition	4194300	0	-1
/dev/sda9                               partition	2097148	0	10
禁用swap

[root@centos7 ~]#swapoff /dev/sda9
[root@centos7 ~]#cat /proc/swaps
Filename				Type		Size	Used	Priority
/dev/sda5                               partition	4194300	0	-1
```
绑定目录到另一个目录,为目录增加了另一个访问路径

```bash 
[root@centos7 ~]#mkdir /mnt/home
[root@centos7 ~]#mount -B /home /mnt/home
[root@centos7 ~]#ls /home /mnt/home
/home:
apple  basher  cloudstack  fedora   mage     moon     nova    pear  sh   testbash  user3
bash   centos  docker      haddoop  mariadb  nologin  orange  rpc   sky  user2     wang

/mnt/home:
apple  basher  cloudstack  fedora   mage     moon     nova    pear  sh   testbash  user3
bash   centos  docker      haddoop  mariadb  nologin  orange  rpc   sky  user2     wang
```
查看正在访问文件系统的进程：
 \# fuser -v MOUNT_DIR

 终止所有正在访问指定文件系统的进程：
 \# fuser -km MOUNT_DIR

### 文件挂载的配置文件
使用mount/umount命令执行的挂载和卸载操作都是临时的，在下一次启动后失效，要想挂载的设备永久生效，需写在配置文件/etc/fstab中；
```bash
[root@centos7 ~]#cat /etc/fstab

#
# /etc/fstab
# Created by anaconda on Wed Sep 19 20:50:10 2018
#
# Accessible filesystems, by reference, are maintained under '/dev/disk'
# See man pages fstab(5), findfs(8), mount(8) and/or blkid(8) for more info
#
UUID=cba5ff49-151a-4876-bfff-b35fff52114b /                       xfs     defaults        0 0
UUID=12679f3e-aad5-4b29-8516-17fdd0401ce1 /boot                   xfs     defaults        0 0
UUID=f203a116-6089-4ea7-b33c-f208544afd30 /data                   xfs     defaults        0 0
UUID=cb053618-d7e6-4d53-b5d8-6fcb9df12268 swap                    swap    defaults        0 0
UUID=079d3606-913d-4c87-a0c7-cb0ab9a2f5df /testing                ext4    acl             0 0
UUID=22d8c0a2-89a3-4074-9bd7-0e90c3d80965 /mogdata                ext3    defaults        0 0 

/etc/fstab :每行定义一个要挂载的文件系统；只要挂载选项没有指定noauto，定义在/etc/fstab中的设备会在系统开机时实现自动挂载
  6个字段：
     要挂载的设备或伪文件系统  挂载点  文件系统类型  挂载选项  转储频率  自检次序
   4.定义挂载选项
   5.转储频率：多长时间备份一次
   6.系统启动时的自检次序：
     0：不自检
     1：首先自检；一般只有rootfs才用1；
     2，...,9;不建议自动自检和修复
```
以上即为本篇所有内容。


  







 
